=== r16-REV matrix receipt start 2026-10-01T02:26:52Z HEAD=d24c0680f93e50e9575b7e06320c62484e0c9512 harness-sha256=abc956a1b8785aaa97857b4ba033486c34941d4c86b500db16550a08a0e0de5e probe=268435456B md5=692c4d62deaff99106c53c949968910b topology=imac-consumer(mini-provider) imac=3pyssy4pexat7ez7jbtqwwzgytg3dj7opj84qbuxpdcp9bd3g1ay mini=71ymwthndzi4kychf9zn71i13uqkogrf5sgsd6qsxrdwcxtko6py fabric=9b339f9fe7e49743de0d0f1be1c920ec7c65d0942b6f7e8f62307e1d26441da1 target-valid=24 ===
cycle#1 type=kill-curl inject=[INJECT-OK(pid=5015 bytes=655360/268435456) curl-killed] exit=137 code= size=655360 md5=00d3d5fab91691ea182f62343f5e0762 verdict=PASS-FAIL pre=[200 268435456] post=[200 261685248]
cycle#2 type=kill-mini inject=[INJECT-OK(pid=5157 bytes=131072/268435456) killed+freed] exit=28 code=200 3997696 size=3997696 md5=a04dfc2e4abce17b5141f0f8ee4b195a verdict=PASS-FAIL pre=[200 268435456] post=[200 268435456]
cycle#3 type=kill-imac inject=[INJECT-OK(pid=5451 bytes=917504/268435456) killed:4735] exit=18 code=200 1376256 size=1376256 md5=180f31c9aa2d38a3ed7b162de16bf734 verdict=PASS-FAIL pre=[200 34537472] post=[200 93847552]
cycle#4 type=kill-curl inject=[INJECT-OK(pid=5591 bytes=393216/268435456) curl-killed] exit=137 code= size=393216 md5=98dc75dae676180ad12afb15d6c584a2 verdict=PASS-FAIL pre=[200 268435456] post=[200 268435456]
cycle#5 type=kill-mini inject=[INJECT-OK(pid=5935 bytes=262144/268435456) killed+freed] exit=28 code=200 6094848 size=6094848 md5=e8613a8d6c84b33ee075af770764d974 verdict=PASS-FAIL pre=[200 268435456] post=[200 268435456]
cycle#6 type=kill-imac inject=[INJECT-OK(pid=6131 bytes=131072/268435456) killed:5488] exit=18 code=200 655360 size=655360 md5=00d3d5fab91691ea182f62343f5e0762 verdict=PASS-FAIL pre=[200 268435456] post=[200 108724224]
cycle#7 type=kill-curl inject=[INJECT-OK(pid=6215 bytes=520192/268435456) curl-killed] exit=137 code= size=589824 md5=2c6d0779f1c05304c5dfb063acf55ff1 verdict=PASS-FAIL pre=[200 268435456] post=[200 268435456]
cycle#8 type=kill-mini inject=[INJECT-OK(pid=6295 bytes=393216/268435456) killed+freed] exit=28 code=200 5308416 size=5308416 md5=cceefd099434268f8cc8d76bad080a93 verdict=PASS-FAIL pre=[200 268435456] post=[200 251658240]
cycle#9 type=kill-imac inject=[INJECT-OK(pid=6665 bytes=327680/268435456) killed:6175] exit=18 code=200 851968 size=851968 md5=0c277df89d62d3f254972ebc597fb31e verdict=PASS-FAIL pre=[200 268435456] post=[200 85393408]
cycle#10 type=kill-curl inject=[INJECT-OK(pid=6782 bytes=131072/268435456) curl-killed] exit=137 code= size=131072 md5=2c0a78bf2641812049bed7f8eb81ed5c verdict=PASS-FAIL pre=[200 268435456] post=[200 235339776]
cycle#11 type=kill-mini inject=[INJECT-OK(pid=6849 bytes=131072/268435456) killed+freed] exit=28 code=200 5963776 size=5963776 md5=0b03515628a7b06baaa9efc311376595 verdict=PASS-FAIL pre=[200 253755186] post=[200 262930432]
cycle#12 type=kill-imac inject=[INJECT-OK(pid=7526 bytes=1310720/268435456) killed:6709] exit=18 code=200 1966080 size=1966080 md5=ddd9b9a9e16f23178577bfa547a51baf verdict=PASS-FAIL pre=[200 47775744] post=[200 87818240]
cycle#13 type=kill-curl inject=[INJECT-OK(pid=7627 bytes=454656/268435456) curl-killed] exit=137 code= size=524288 md5=7cf2c3af42577eebe53a0bdcf05d96a3 verdict=PASS-FAIL pre=[200 262799360] post=[200 268435456]
cycle#14 type=kill-mini inject=[INJECT-OK(pid=7726 bytes=131072/268435456) killed+freed] exit=28 code=200 6029312 size=6029312 md5=d1a5ca234f2d823ac450b5082dc4c31a verdict=PASS-FAIL pre=[200 268435456] post=[200 255655936]
cycle#15 type=kill-imac inject=[INJECT-OK(pid=7867 bytes=720896/268435456) killed:7570] exit=18 code=200 1638400 size=1638400 md5=baf659afb6a156b723cc3b076e6be8d5 verdict=PASS-FAIL pre=[200 26017586] post=[200 90439680]
cycle#16 type=kill-curl inject=[INJECT-OK(pid=8180 bytes=262144/268435456) curl-killed] exit=137 code= size=262144 md5=945fe63977a10a0c4cb16ca3c3fee732 verdict=PASS-FAIL pre=[200 268435456] post=[200 253296640]
cycle#17 type=kill-mini inject=[INJECT-OK(pid=8247 bytes=917504/268435456) killed+freed] exit=28 code=200 9109504 size=9109504 md5=cffce2c774ccadefbaea983e413f4304 verdict=PASS-FAIL pre=[200 268435456] post=[200 268435456]
cycle#18 type=kill-imac inject=[INJECT-OK(pid=8464 bytes=61440/268435456) killed:7905] exit=18 code=200 261938 size=261938 md5=eb6dfd85694732dcab8df80600f3553f verdict=PASS-FAIL pre=[200 264175410] post=[200 83820544]
cycle#19 type=kill-curl inject=[INJECT-OK(pid=8554 bytes=65536/268435456) curl-killed] exit=137 code= size=65536 md5=6f177f3fbbe3806d5cc3f22d02dd8f1b verdict=PASS-FAIL pre=[200 9437184] post=[200 235864064]
cycle#20 type=kill-mini inject=[INJECT-OK(pid=8832 bytes=458752/268435456) killed+freed] exit=28 code=200 5570560 size=5570560 md5=87f57b598312a4f39e3195d2d3f45956 verdict=PASS-FAIL pre=[200 249823026] post=[200 260177920]
cycle#21 type=kill-imac inject=[INJECT-OK(pid=9024 bytes=126976/268435456) killed:8515] exit=18 code=200 458752 size=458752 md5=0c0932d7c88bf75e078ec0c8a6feab08 verdict=PASS-FAIL pre=[200 231669760] post=[200 79298560]
cycle#22 type=kill-curl inject=[INJECT-OK(pid=9109 bytes=720896/268435456) curl-killed] exit=137 code= size=786432 md5=47003e242ea17b0813f788f90325f30c verdict=PASS-FAIL pre=[200 268435456] post=[200 225050418]
cycle#23 type=kill-mini inject=[INJECT-OK(pid=9176 bytes=589824/268435456) killed+freed] exit=28 code=200 4653056 size=4653056 md5=251366ecc32be48072bc5e7cbcd4ead2 verdict=PASS-FAIL pre=[200 268435456] post=[200 255721472]
cycle#24 type=kill-imac inject=[INJECT-OK(pid=9533 bytes=65536/268435456) killed:9068] exit=18 code=200 393216 size=393216 md5=98dc75dae676180ad12afb15d6c584a2 verdict=PASS-FAIL pre=[200 196149248] post=[200 104923136]
=== matrix end 2026-10-01T02:58:44Z: attempts=24 VALID=24 (PASS-FAIL=24 PASS-RECOVERED=0) VIOLATIONS=0 RECOVERY-FAILED=0 INVALID-INJECT=0 E1-INTERVENTIONS=25 HEAD=d24c0680f93e50e9575b7e06320c62484e0c9512 harness=abc956a1b8785aaa97857b4ba033486c34941d4c86b500db16550a08a0e0de5e probe=268435456B ===
