=== r16-REV matrix receipt start 2026-10-01T01:49:06Z HEAD=d24c0680f93e50e9575b7e06320c62484e0c9512 harness-sha256=93933875d7f1a2597af17a5f9a9f7bad895a3b0dd9e64046e4c23fd49ed39883 probe=268435456B md5=692c4d62deaff99106c53c949968910b topology=imac-consumer(mini-provider) imac=3pyssy4pexat7ez7jbtqwwzgytg3dj7opj84qbuxpdcp9bd3g1ay mini=71ymwthndzi4kychf9zn71i13uqkogrf5sgsd6qsxrdwcxtko6py fabric=9b339f9fe7e49743de0d0f1be1c920ec7c65d0942b6f7e8f62307e1d26441da1 target-valid=24 ===
cycle#1 type=kill-curl inject=[INJECT-OK(pid=99329 bytes=258048/268435456) curl-killed] exit=137 code= size=258048 md5=320f63ab2dd2e04f0da6d98a1d79610f verdict=PASS-FAIL pre=[200 230555442] post=[200 171769856]
cycle#2 type=kill-mini inject=[INJECT-OK(pid=99475 bytes=65536/268435456) killed+freed] exit=28 code=200 2949120 size=2949120 md5=405611c201f9bd3226d9d21d5b71b84b verdict=PASS-FAIL pre=[200 268435456] post=[200 225443634]
cycle#3 type=kill-imac inject=[INJECT-OK(pid=145 bytes=323584/268435456) killed:99122] exit=18 code=200 589824 size=589824 md5=2c6d0779f1c05304c5dfb063acf55ff1 verdict=PASS-FAIL pre=[200 268435456] post=[200 268435456]
cycle#4 type=kill-curl inject=[INJECT-OK(pid=313 bytes=131072/268435456) curl-killed] exit=137 code= size=262144 md5=945fe63977a10a0c4cb16ca3c3fee732 verdict=PASS-FAIL pre=[200 268435456] post=[200 268435456]
cycle#5 type=kill-mini inject=[INJECT-OK(pid=383 bytes=589824/268435456) killed+freed] exit=28 code=200 5636096 size=5636096 md5=a90607a77e8449ee9fc317b59c96ea98 verdict=PASS-FAIL pre=[200 268435456] post=[200 268435456]
cycle#6 type=kill-imac inject=[INJECT-OK(pid=849 bytes=520192/268435456) killed:196] exit=18 code=200 1048576 size=1048576 md5=df8389760e0aaf362d1ab3b006396051 verdict=PASS-FAIL pre=[200 268435456] post=[200 243859456]
cycle#7 type=kill-curl inject=[INJECT-OK(pid=991 bytes=196608/268435456) curl-killed] exit=137 code= size=196608 md5=ee087a1ccbf5eba4785cd9ceaac1eed2 verdict=PASS-FAIL pre=[200 268435456] post=[200 255197184]
cycle#8 type=kill-mini inject=[INJECT-OK(pid=1082 bytes=393216/268435456) killed+freed] exit=28 code=200 4784128 size=4784128 md5=c71d86446cd6c83b2380244663ae802b verdict=PASS-FAIL pre=[200 268435456] post=[RECOVERY-FAILED]
cycle#9 type=kill-imac inject=[INJECT-OK(pid=1745 bytes=2093056/268435456) killed:1722] exit=18 code=200 2555904 size=2555904 md5=814112e55b3ab535ca71536d971e672f verdict=PASS-FAIL pre=[E1-INTERVENTION(stall:500 88)
200 26017792(e1-restart)] post=[E1-INTERVENTION(stall:500 88)
200 268435456(e1-restart)]
cycle#10 type=kill-curl inject=[INJECT-OK(pid=2099 bytes=524288/268435456) curl-killed] exit=137 code= size=589824 md5=2c6d0779f1c05304c5dfb063acf55ff1 verdict=PASS-FAIL pre=[200 268435456] post=[200 268435456]
cycle#11 type=kill-mini inject=[INJECT-OK(pid=2205 bytes=458752/268435456) killed+freed] exit=18 code=200 2555904 size=2555904 md5=814112e55b3ab535ca71536d971e672f verdict=PASS-FAIL pre=[200 10944512] post=[200 239140864]
cycle#12 type=kill-imac inject=[INJECT-OK(pid=2298 bytes=192512/268435456) killed:2050] exit=18 code=200 589824 size=589824 md5=2c6d0779f1c05304c5dfb063acf55ff1 verdict=PASS-FAIL pre=[200 240517120] post=[200 92340224]
cycle#13 type=kill-curl inject=[INJECT-OK(pid=2382 bytes=917504/268435456) curl-killed] exit=137 code= size=950272 md5=78b8b593307987bf0b28eef544b27f9d verdict=PASS-FAIL pre=[200 261423104] post=[200 252379136]
cycle#14 type=kill-mini inject=[INJECT-OK(pid=3008 bytes=262144/268435456) killed+freed] exit=28 code=200 3866624 size=3866624 md5=a3f0c54b11a7fef0bf593a6e61fce633 verdict=PASS-FAIL pre=[200 268435456] post=[200 264634368]
cycle#15 type=kill-imac inject=[INJECT-OK(pid=3210 bytes=327680/268435456) killed:2342] exit=18 code=200 655360 size=655360 md5=00d3d5fab91691ea182f62343f5e0762 verdict=PASS-FAIL pre=[200 259588096] post=[200 94109696]
cycle#16 type=kill-curl inject=[INJECT-OK(pid=3314 bytes=393216/268435456) curl-killed] exit=137 code= size=393216 md5=98dc75dae676180ad12afb15d6c584a2 verdict=PASS-FAIL pre=[200 268435456] post=[200 256245760]
cycle#17 type=kill-mini inject=[INJECT-OK(pid=3397 bytes=262144/268435456) killed+freed] exit=28 code=200 5177344 size=5177344 md5=72a81f9eb111e65724635b883e928f39 verdict=PASS-FAIL pre=[200 268435456] post=[200 268435456]
cycle#18 type=kill-imac inject=[INJECT-OK(pid=3753 bytes=192512/268435456) killed:3262] exit=18 code=200 589824 size=589824 md5=2c6d0779f1c05304c5dfb063acf55ff1 verdict=PASS-FAIL pre=[200 268435456] post=[200 111804416]
cycle#19 type=kill-curl inject=[INJECT-OK(pid=3886 bytes=65536/268435456) curl-killed] exit=137 code= size=131072 md5=2c0a78bf2641812049bed7f8eb81ed5c verdict=PASS-FAIL pre=[200 268435456] post=[200 268435456]
cycle#20 type=kill-mini inject=[INJECT-OK(pid=3953 bytes=131072/268435456) killed+freed] exit=28 code=200 5701632 size=5701632 md5=75597acb44caf0fffaab1bae9a68d631 verdict=PASS-FAIL pre=[200 203751424] post=[200 268435456]
cycle#21 type=kill-imac inject=[INJECT-OK(pid=4317 bytes=196608/268435456) killed:3798] exit=18 code=200 196608 size=196608 md5=ee087a1ccbf5eba4785cd9ceaac1eed2 verdict=PASS-FAIL pre=[200 232914944] post=[200 62652416]
cycle#22 type=kill-curl inject=[INJECT-OK(pid=4436 bytes=131072/268435456) curl-killed] exit=137 code= size=131072 md5=2c0a78bf2641812049bed7f8eb81ed5c verdict=PASS-FAIL pre=[200 6488064] post=[200 268435456]
cycle#23 type=kill-mini inject=[INJECT-OK(pid=4524 bytes=327680/268435456) killed+freed] exit=28 code=200 13238272 size=13238272 md5=b04b1eb8c096d4161a2e627d71c66c14 verdict=PASS-FAIL pre=[200 32636928] post=[200 268435456]
cycle#24 type=kill-imac inject=[INJECT-OK(pid=4679 bytes=524288/268435456) killed:4397] exit=18 code=200 851968 size=851968 md5=0c277df89d62d3f254972ebc597fb31e verdict=PASS-FAIL pre=[200 268435456] post=[200 268435456]
=== matrix end 2026-10-01T02:26:17Z: attempts=24 VALID=24 (PASS-FAIL=24 PASS-RECOVERED=0) VIOLATIONS=0 RECOVERY-FAILED=1 INVALID-INJECT=0 E1-INTERVENTIONS=25 HEAD=d24c0680f93e50e9575b7e06320c62484e0c9512 harness=93933875d7f1a2597af17a5f9a9f7bad895a3b0dd9e64046e4c23fd49ed39883 probe=268435456B ===
